{"SyntaxTree":[{"index":22,"item":{"action":"Load","type":"Integer","arguments":2,"argument":["$v0","4"],"argumentType":[]}},{"index":23,"item":{"action":"Load","type":"Address","arguments":2,"argument":["$a0","out_string"],"argumentType":[]}},{"index":24,"item":{"action":"OS","type":"Interrupt","arguments":0,"argument":[]}},{"index":25,"item":{"action":"Load","type":"Integer","arguments":2,"argument":["$v0","10"],"argumentType":[]}},{"index":26,"item":{"action":"OS","type":"Interrupt","arguments":0,"argument":[]}}],"SymbolTable":[{"name":"out_string","type":"Data Declaration","value":{"encoding":".asciiz","data":"\nHello World\n"}},{"name":"main","type":"Program Instructions","value":3}]}